  處理 09801(戴武光老師畫展)/09801(戴武光老師畫展)邀請卡正面1.JPG
  處理 09801(戴武光老師畫展)/09801(戴武光老師畫展)邀請卡背面1.JPG
  處理 09802(98蕭麗綾油畫創作展)/09802(98蕭麗綾油畫創作展)小卡正面1.JPG
  處理 09802(98蕭麗綾油畫創作展)/09802(98蕭麗綾油畫創作展)小卡背面1.JPG
  處理 09802(98蕭麗綾油畫創作展)/09802(98蕭麗綾油畫創作展)海報1.JPG
  處理 09802(98蕭麗綾油畫創作展)/09802(98蕭麗綾油畫創作展)邀請卡正面1.JPG
  處理 09802(98蕭麗綾油畫創作展)/09802(98蕭麗綾油畫創作展)邀請卡背面1.JPG
  處理 09803(詹迪薾個展畫作)/09803(詹迪薾個展畫作)海報1.JPG
  處理 09803(詹迪薾個展畫作)/09803(詹迪薾個展畫作)邀請卡正面1.JPG
  處理 09803(詹迪薾個展畫作)/09803(詹迪薾個展畫作)邀請卡背面1.JPG
  處理 09901(吳宥鋅個展)/09901(吳宥鋅個展)邀請卡正面1.JPG
  處理 09901(吳宥鋅個展)/09901(吳宥鋅個展)邀請卡背面1.JPG
  處理 09902(張仲佑個展)/09902(張仲佑個展)小卡正面1.JPG
  處理 09902(張仲佑個展)/09902(張仲佑個展)小卡背面1.JPG
  處理 09902(張仲佑個展)/09902(張仲佑個展)海報1.JPG
  處理 09903(林子賀個展)/09903(林子賀個展)小卡正面1.JPG
  處理 09903(林子賀個展)/09903(林子賀個展)小卡背面1.JPG
  處理 09903(林子賀個展)/09903(林子賀個展)海報1.JPG
  處理 09904(詹迪薾學生作品個展)/09904(詹迪薾學生作品個展)海報1.JPG
  處理 09904(詹迪薾學生作品個展)/09904(詹迪薾學生作品個展)邀請卡正面1.JPG
  處理 09904(詹迪薾學生作品個展)/09904(詹迪薾學生作品個展)邀請卡背面1.JPG
  處理 09905(林家棟與柯釣翔之攝影與水彩聯展)/09905(林家棟與柯釣翔之攝影與水彩聯展)小卡正面1.JPG
  處理 09905(林家棟與柯釣翔之攝影與水彩聯展)/09905(林家棟與柯釣翔之攝影與水彩聯展)小卡正面2.JPG
  處理 09905(林家棟與柯釣翔之攝影與水彩聯展)/09905(林家棟與柯釣翔之攝影與水彩聯展)海報1.JPG
  處理 09906(李昇洋個展)/09906(李昇洋個展)小卡正面1.JPG
  處理 09906(李昇洋個展)/09906(李昇洋個展)小卡背面1.JPG
  處理 09906(李昇洋個展)/09906(李昇洋個展)海報1.JPG
  處理 09907(莊惟安個展)/09907(莊惟安個展)小卡正面1.JPG
  處理 09907(莊惟安個展)/09907(莊惟安個展)小卡背面1.JPG
  處理 10001(「就是愛畫繪」展)/10001(「就是愛畫繪」展)小卡正面1.JPG
  處理 10001(「就是愛畫繪」展)/10001(「就是愛畫繪」展)小卡背面1.JPG
  處理 10001(「就是愛畫繪」展)/10001(「就是愛畫繪」展)海報1.JPG
  處理 10002(紅土人文教育學生成果展)/10002(紅土人文教育學生成果展)邀請卡正面1.JPG
  處理 10002(紅土人文教育學生成果展)/10002(紅土人文教育學生成果展)邀請卡背面1.JPG
  處理 10003(旅程中-張致中+莊凱程-雙人展))/10003(旅程中-張致中+莊凱程-雙人展))小卡正面1.JPG
  處理 10004(曾霆羽個展)/10004(曾霆羽個展)小卡正面1.JPG
  處理 10004(曾霆羽個展)/10004(曾霆羽個展)小卡背面1.JPG
  處理 10004(曾霆羽個展)/10004(曾霆羽個展)海報1.JPG
  處理 10004(曾霆羽個展)/10004(曾霆羽個展)邀請卡正面1.JPG
  處理 10004(曾霆羽個展)/10004(曾霆羽個展)邀請卡背面1.JPG
  處理 10005(201班展)/10005(201班展)小卡正面1.JPG
  處理 10005(201班展)/10005(201班展)小卡正面2.JPG
  處理 10005(201班展)/10005(201班展)小卡正面3.JPG
  處理 10005(201班展)/10005(201班展)小卡正面4.JPG
  處理 10005(201班展)/10005(201班展)小卡正面5.JPG
  處理 10005(201班展)/10005(201班展)小卡正面6.JPG
  處理 10005(201班展)/10005(201班展)小卡背面1.JPG
  處理 10005(201班展)/10005(201班展)海報1.JPG
  處理 10007(陳志意個人創作展)/10007(陳志意個人創作展)小卡正面1.JPG
  處理 10007(陳志意個人創作展)/10007(陳志意個人創作展)小卡背面1.JPG
  處理 10007(陳志意個人創作展)/10007(陳志意個人創作展)海報1.JPG
  處理 10007(陳志意個人創作展)/10007(陳志意個人創作展)邀請卡正面1.JPG
  處理 10007(陳志意個人創作展)/10007(陳志意個人創作展)邀請卡背面1.JPG
  處理 10101(張仲佑梅高之美攝影展)/10101(張仲佑梅高之美攝影展)小卡正面1.JPG
  處理 10101(張仲佑梅高之美攝影展)/10101(張仲佑梅高之美攝影展)小卡正面2.JPG
  處理 10101(張仲佑梅高之美攝影展)/10101(張仲佑梅高之美攝影展)海報1.JPG
  處理 10101(張仲佑梅高之美攝影展)/10101(張仲佑梅高之美攝影展)海報2.JPG
  處理 10102(好竹藝)/10102(好竹藝)海報1.JPG
  處理 10102(好竹藝)/10102(好竹藝)邀請卡正面1.JPG
  處理 10103(校慶特展)/10103(校慶特展)小卡正面1.JPG
  處理 10103(校慶特展)/10103(校慶特展)小卡背面1.JPG
  處理 10103(校慶特展)/10103(校慶特展)海報1.JPG
  處理 10103(校慶特展)/10103(校慶特展)邀請卡正面1.JPG
  處理 10103(校慶特展)/10103(校慶特展)邀請卡背面1.JPG
  處理 10104(202班展)/10104(202班展)海報1.JPG
  處理 10104(202班展)/10104(202班展)邀請卡正面1.JPG
  處理 10106(林岡宏創作展)/10106(林岡宏創作展)小卡正面1.JPG
  處理 10106(林岡宏創作展)/10106(林岡宏創作展)小卡背面1.JPG
  處理 10106(林岡宏創作展)/10106(林岡宏創作展)海報1.JPG
  處理 10106(林岡宏創作展)/10106(林岡宏創作展)邀請卡正面1.JPG
  處理 10106(林岡宏創作展)/10106(林岡宏創作展)邀請卡背面1.JPG
  處理 10201(想像力就是創造)/10201(想像力就是創造)小卡正面1.JPG
  處理 10201(想像力就是創造)/10201(想像力就是創造)小卡正面2.JPG
  處理 10201(想像力就是創造)/10201(想像力就是創造)海報1.JPG
  處理 10202(蔡秉宸個展)/10202(蔡秉宸個展)小卡正面1.JPG
  處理 10202(蔡秉宸個展)/10202(蔡秉宸個展)海報1.JPG
  處理 10203(大明遺風II)/10203(大明遺風II)小卡正面1.JPG
  處理 10203(大明遺風II)/10203(大明遺風II)小卡背面1.JPG
  處理 10203(大明遺風II)/10203(大明遺風II)海報1.JPG
  處理 10203(大明遺風II)/10203(大明遺風II)邀請卡正面1.JPG
  處理 10203(大明遺風II)/10203(大明遺風II)邀請卡背面1.JPG
  處理 10204(美術班班展)/10204(美術班班展)小卡正面1.JPG
  處理 10204(美術班班展)/10204(美術班班展)小卡背面1.JPG
  處理 10204(美術班班展)/10204(美術班班展)海報1.JPG
  處理 10205(蔡承翰個展)/10205(蔡承翰個展)小卡正面1.JPG
  處理 10205(蔡承翰個展)/10205(蔡承翰個展)小卡背面1.JPG
  處理 10205(蔡承翰個展)/10205(蔡承翰個展)海報1.JPG
  處理 10205(蔡承翰個展)/10205(蔡承翰個展)邀請卡正面1.JPG
  處理 10205(蔡承翰個展)/10205(蔡承翰個展)邀請卡背面1.JPG
  處理 10301(校友展)/10301(校友展)小卡正面1.JPG
  處理 10301(校友展)/10301(校友展)小卡背面1.JPG
  處理 10301(校友展)/10301(校友展)海報1.JPG
  處理 10302(高國堂個展)/10302(高國堂個展)小卡正面1.JPG
  處理 10302(高國堂個展)/10302(高國堂個展)小卡背面1.JPG
  處理 10302(高國堂個展)/10302(高國堂個展)海報1.JPG
  處理 10302(高國堂個展)/10302(高國堂個展)邀請卡正面1.JPG
  處理 10302(高國堂個展)/10302(高國堂個展)邀請卡背面1.JPG
  處理 10303(301班展)/10303(301班展)小卡正面1.JPG
  處理 10303(301班展)/10303(301班展)海報1.JPG
  處理 10304(林威丞個展)/10304(林威丞個展)小卡正面1.JPG
  處理 10304(林威丞個展)/10304(林威丞個展)小卡背面1.JPG
  處理 10304(林威丞個展)/10304(林威丞個展)海報1.JPG
  處理 10304(林威丞個展)/10304(林威丞個展)邀請卡正面1.JPG
  處理 10304(林威丞個展)/10304(林威丞個展)邀請卡背面1.JPG
  處理 10401(第64屆校友展)/10401(第64屆校友展)小卡正面1.JPG
  處理 10401(第64屆校友展)/10401(第64屆校友展)海報1.JPG
  處理 10402(貳訪紅土：林紙鶴楊梅小個展)/10402(貳訪紅土：林紙鶴楊梅小個展)小卡正面1.JPG
  處理 10402(貳訪紅土：林紙鶴楊梅小個展)/10402(貳訪紅土：林紙鶴楊梅小個展)小卡背面1.JPG
  處理 10402(貳訪紅土：林紙鶴楊梅小個展)/10402(貳訪紅土：林紙鶴楊梅小個展)海報1.JPG
  處理 10402(貳訪紅土：林紙鶴楊梅小個展)/10402(貳訪紅土：林紙鶴楊梅小個展)邀請卡正面1.JPG
  處理 10402(貳訪紅土：林紙鶴楊梅小個展)/10402(貳訪紅土：林紙鶴楊梅小個展)邀請卡背面1.JPG
  處理 10404(陳芳明講座)/10404(陳芳明講座)海報1.JPG
  處理 10406(林宥辰個展_口足畫家)/10406(林宥辰個展_口足畫家)小卡正面1.JPG
  處理 10406(林宥辰個展_口足畫家)/10406(林宥辰個展_口足畫家)小卡背面1.JPG
  處理 10406(林宥辰個展_口足畫家)/10406(林宥辰個展_口足畫家)海報1.JPG
  處理 10406(林宥辰個展_口足畫家)/10406(林宥辰個展_口足畫家)邀請卡正面1.JPG
  處理 10406(林宥辰個展_口足畫家)/10406(林宥辰個展_口足畫家)邀請卡背面1.JPG
  處理 10501(墨映梅岡-趙文雄畫展)/10501(墨映梅岡-趙文雄畫展)小卡正面1.JPG
  處理 10501(墨映梅岡-趙文雄畫展)/10501(墨映梅岡-趙文雄畫展)小卡背面1.JPG
  處理 10501(墨映梅岡-趙文雄畫展)/10501(墨映梅岡-趙文雄畫展)海報1.JPG
  處理 10501(墨映梅岡-趙文雄畫展)/10501(墨映梅岡-趙文雄畫展)邀請卡正面1.JPG
  處理 10501(墨映梅岡-趙文雄畫展)/10501(墨映梅岡-趙文雄畫展)邀請卡背面1.JPG
  處理 10502(陸藝十七-301班展)/10502(陸藝十七-301班展)小卡正面1.JPG
  處理 10502(陸藝十七-301班展)/10502(陸藝十七-301班展)海報1.JPG
  處理 10504(高國堂畫展)/10504(高國堂畫展)小卡正面1.JPG
  處理 10504(高國堂畫展)/10504(高國堂畫展)小卡背面1.JPG
  處理 10504(高國堂畫展)/10504(高國堂畫展)海報1.JPG
  處理 10504(高國堂畫展)/10504(高國堂畫展)邀請卡正面1.JPG
  處理 10504(高國堂畫展)/10504(高國堂畫展)邀請卡背面1.JPG
  處理 10511(藝文月)/10511(藝文月)海報1.JPG
  處理 10601(華梵大學_藝樂園)/10601(華梵大學_藝樂園)邀請卡正面1.JPG
  處理 10602(劉蔚霖+林玫伶聯展)/10602(劉蔚霖+林玫伶聯展)小卡正面1.JPG
  處理 10602(劉蔚霖+林玫伶聯展)/10602(劉蔚霖+林玫伶聯展)小卡背面1.JPG
  處理 10602(劉蔚霖+林玫伶聯展)/10602(劉蔚霖+林玫伶聯展)海報1.JPG
  處理 10602(劉蔚霖+林玫伶聯展)/10602(劉蔚霖+林玫伶聯展)邀請卡正面1.JPG
  處理 10602(劉蔚霖+林玫伶聯展)/10602(劉蔚霖+林玫伶聯展)邀請卡背面1.JPG
  處理 10603(林玫玲+許宏再+馮珉彤聯展)/10603(林玫玲+許宏再+馮珉彤聯展)海報1.JPG
  處理 10603(林玫玲+許宏再+馮珉彤聯展)/10603(林玫玲+許宏再+馮珉彤聯展)邀請卡正面1.JPG
  處理 10603(林玫玲+許宏再+馮珉彤聯展)/10603(林玫玲+許宏再+馮珉彤聯展)邀請卡背面1.JPG
  處理 10702(校友聯展)/10702(校友聯展)小卡正面1.JPG
  處理 10702(校友聯展)/10702(校友聯展)小卡正面2.JPG
  處理 10702(校友聯展)/10702(校友聯展)小卡正面3.JPG
  處理 10702(校友聯展)/10702(校友聯展)小卡正面4.JPG
  處理 10702(校友聯展)/10702(校友聯展)小卡背面1.JPG
  處理 10702(校友聯展)/10702(校友聯展)小卡背面2.JPG
  處理 10702(校友聯展)/10702(校友聯展)小卡背面3.JPG
  處理 10702(校友聯展)/10702(校友聯展)小卡背面4.JPG
  處理 10702(校友聯展)/10702(校友聯展)海報1.JPG
  處理 10702(校友聯展)/10702(校友聯展)邀請卡正面1.JPG
  處理 10702(校友聯展)/10702(校友聯展)邀請卡背面1.JPG
  處理 10703(301班展)/10703(301班展)小卡正面1.JPG
  處理 10703(301班展)/10703(301班展)海報1.JPG
  處理 10901(301班展)/10901(301班展)海報1.JPG
  處理 10901(301班展)/10901(301班展)邀請卡正面1.JPG
  處理 10901(301班展)/10901(301班展)邀請卡背面1.JPG
  處理 10902(張松山個展)/10902(張松山個展)小卡正面1.JPG
  處理 10902(張松山個展)/10902(張松山個展)小卡背面1.JPG
  處理 10902(張松山個展)/10902(張松山個展)海報1.JPG
  處理 10902(張松山個展)/10902(張松山個展)邀請卡正面1.JPG
  處理 10902(張松山個展)/10902(張松山個展)邀請卡背面1.JPG
  處理 11001(吳嘉鈴繪本)/11001(吳嘉鈴繪本)小卡正面1.JPG
  處理 11001(吳嘉鈴繪本)/11001(吳嘉鈴繪本)小卡背面1.JPG
  處理 11001(吳嘉鈴繪本)/11001(吳嘉鈴繪本)海報1.JPG
  處理 11101(蠟藝人生—王建民個展)/11101(蠟藝人生—王建民個展)小卡正面1.JPG
  處理 11101(蠟藝人生—王建民個展)/11101(蠟藝人生—王建民個展)小卡背面1.JPG
  處理 11101(蠟藝人生—王建民個展)/11101(蠟藝人生—王建民個展)海報1.JPG
  處理 11101(蠟藝人生—王建民個展)/11101(蠟藝人生—王建民個展)邀請卡正面1.JPG
  處理 11101(蠟藝人生—王建民個展)/11101(蠟藝人生—王建民個展)邀請卡背面1.JPG
  處理 11102(胡覺隆_傑利小子創作38週年)/11102(胡覺隆_傑利小子創作38週年)小卡正面1.JPG
  處理 11102(胡覺隆_傑利小子創作38週年)/11102(胡覺隆_傑利小子創作38週年)小卡背面1.JPG
  處理 11102(胡覺隆_傑利小子創作38週年)/11102(胡覺隆_傑利小子創作38週年)海報1.JPG
  處理 11102(胡覺隆_傑利小子創作38週年)/11102(胡覺隆_傑利小子創作38週年)邀請卡正面1.JPG
  處理 11102(胡覺隆_傑利小子創作38週年)/11102(胡覺隆_傑利小子創作38週年)邀請卡背面1.JPG
  處理 11201(舞筆弄墨)/11201(舞筆弄墨)小卡正面1.JPG
  處理 11201(舞筆弄墨)/11201(舞筆弄墨)小卡背面1.JPG
  處理 11201(舞筆弄墨)/11201(舞筆弄墨)海報1.JPG
  處理 11201(舞筆弄墨)/11201(舞筆弄墨)邀請卡正面1.JPG
  處理 11201(舞筆弄墨)/11201(舞筆弄墨)邀請卡背面1.JPG
  處理 11301(張桂榛創作展)/11301(張桂榛創作展)小卡正面1.JPG
  處理 11301(張桂榛創作展)/11301(張桂榛創作展)小卡背面1.JPG
  處理 11301(張桂榛創作展)/11301(張桂榛創作展)海報1.JPG
  處理 11301(張桂榛創作展)/11301(張桂榛創作展)邀請卡正面1.JPG
  處理 11301(張桂榛創作展)/11301(張桂榛創作展)邀請卡背面1.JPG
  處理 11303(美術教育學會)/11303(美術教育學會)小卡正面1.JPG
  處理 11303(美術教育學會)/11303(美術教育學會)小卡背面1.JPG
  處理 11303(美術教育學會)/11303(美術教育學會)邀請卡正面1.JPG
  處理 11303(美術教育學會)/11303(美術教育學會)邀請卡背面1.JPG
  處理 11401(鍾秉華個展)/11401(鍾秉華個展)小卡正面1.JPG
  處理 11401(鍾秉華個展)/11401(鍾秉華個展)小卡背面1.JPG
  處理 11401(鍾秉華個展)/11401(鍾秉華個展)海報1.JPG
  處理 11401(鍾秉華個展)/11401(鍾秉華個展)邀請卡正面1.JPG
  處理 11401(鍾秉華個展)/11401(鍾秉華個展)邀請卡背面1.JPG
  處理 11402(盧廷清創作展)/11402(盧廷清創作展)小卡正面1.JPG
  處理 11402(盧廷清創作展)/11402(盧廷清創作展)小卡背面1.JPG
  處理 11402(盧廷清創作展)/11402(盧廷清創作展)海報1.JPG
  處理 11402(盧廷清創作展)/11402(盧廷清創作展)邀請卡正面1.JPG
  處理 11402(盧廷清創作展)/11402(盧廷清創作展)邀請卡背面1.JPG
  處理 11501(羅桂蘭個展)/11501(羅桂蘭個展)小卡正面1.JPG
  處理 11501(羅桂蘭個展)/11501(羅桂蘭個展)小卡背面1.JPG
  處理 11501(羅桂蘭個展)/11501(羅桂蘭個展)海報1.JPG
  處理 11501(羅桂蘭個展)/11501(羅桂蘭個展)邀請卡正面1.JPG
  處理 11501(羅桂蘭個展)/11501(羅桂蘭個展)邀請卡背面1.JPG
  文字辨識 202 張圖片（Windows OCR）…
完成：54 期展覽、202 張圖片，用時 251 秒。
